// Jest Snapshot v1, https://goo.gl/fbAQLP

exports[`SearchResults should map the snapshot 1`] = `ShallowWrapper {}`;

