// Jest Snapshot v1, https://goo.gl/fbAQLP

exports[`AddUserDetail should match the snapshot 1`] = `ShallowWrapper {}`;
