// Jest Snapshot v1, https://goo.gl/fbAQLP

exports[`UserProfile should map the snapshot 1`] = `ShallowWrapper {}`;

exports[`UserProfile should render loading state initially 1`] = `ShallowWrapper {}`;
