// Jest Snapshot v1, https://goo.gl/fbAQLP

exports[`Header should match the snapshot 1`] = `ShallowWrapper {}`;

exports[`Header should match the snapshot 2`] = `ShallowWrapper {}`;
