// Jest Snapshot v1, https://goo.gl/fbAQLP

exports[`DogCarousel should render loading state initially 1`] = `ShallowWrapper {}`;
