// Jest Snapshot v1, https://goo.gl/fbAQLP

exports[`AddDog should match the snapshot 1`] = `ShallowWrapper {}`;
